// Jest Snapshot v1, https://goo.gl/fbAQLP

exports[`Current matches snapshot 1`] = `
<div
  className="StyledBox-sc-13pk1d4-0 bIdaiR"
>
  <div
    className="StyledBox-sc-13pk1d4-0 iQdAMa"
  >
    <img
      alt="Light rain"
      height="60px"
      src="https://www.metaweather.com/static/img/weather/lr.svg"
    />
    <div
      className="StyledBox__StyledBoxGap-sc-13pk1d4-1 ffjnxm"
    />
    <h1
      className="StyledHeading-sc-1rdh4aw-0 bGlFVF"
      size="medium"
    >
      27Â°F
    </h1>
  </div>
  <div
    className="StyledBox-sc-13pk1d4-0 iNKrsm"
  >
    <span
      className="StyledText-sc-1sadyjn-0 hUokoe"
    >
      Humidity: 
      <span
        className="StyledText-sc-1sadyjn-0 gmtNWw"
      >
        80
        %
      </span>
    </span>
    <span
      className="StyledText-sc-1sadyjn-0 hUokoe"
    >
      Wind:
       
      <span
        className="StyledText-sc-1sadyjn-0 gmtNWw"
      >
        20 kph
         
        S
      </span>
    </span>
  </div>
</div>
`;
