// Jest Snapshot v1, https://goo.gl/fbAQLP

exports[`Icon matches snapshot 1`] = `
<img
  alt="description"
  height="60px"
  src="https://www.metaweather.com/static/img/weather/icon.svg"
/>
`;
