// Jest Snapshot v1, https://goo.gl/fbAQLP

exports[`Search matches snapshot 1`] = `
<div
  className="StyledBox-sc-13pk1d4-0 dHbsaj"
>
  <button
    aria-label="Open Drop"
    className="StyledButton-sc-323bzc-0 bwJeiP Select__StyledSelectDropButton-sc-17idtfo-1 ksCGpf"
    onBlur={[Function]}
    onClick={[Function]}
    onFocus={[Function]}
    onKeyDown={[Function]}
    onMouseOut={[Function]}
    onMouseOver={[Function]}
    type="button"
  >
    <div
      className="StyledBox-sc-13pk1d4-0 VvbUh"
    >
      <div
        className="StyledBox-sc-13pk1d4-0 bVYLzf"
      >
        <div
          className="StyledTextInput__StyledTextInputContainer-sc-1x30a0s-1 ksQrmr"
        >
          <input
            autoComplete="off"
            className="StyledTextInput-sc-1x30a0s-0 dWxGQe Select__SelectTextInput-sc-17idtfo-0 hWmVID"
            onBlur={[Function]}
            onClick={[Function]}
            onFocus={[Function]}
            onKeyDown={[Function]}
            placeholder="Serch location"
            readOnly={true}
            size="medium"
            tabIndex="-1"
            type="text"
            value=""
          />
        </div>
      </div>
      <div
        className="StyledBox-sc-13pk1d4-0 iCDnTm"
        style={
          Object {
            "minWidth": "auto",
          }
        }
      >
        <svg
          aria-label="FormDown"
          className="StyledIcon-ofa7kd-0 kbXEEj"
          viewBox="0 0 24 24"
        >
          <polyline
            fill="none"
            points="18 9 12 15 6 9"
            stroke="#000"
            strokeWidth="2"
          />
        </svg>
      </div>
    </div>
  </button>
  <div
    className="StyledBox__StyledBoxGap-sc-13pk1d4-1 cxqgXz"
  />
  <div
    className="StyledBox-sc-13pk1d4-0 gybyyu"
  />
</div>
`;
